Program
  List
    FunctionDecl ID="gcd1"
      List
        IdDecl ID="a"
          Opt
        IdDecl ID="b"
          Opt
      Block
        List
          While
            NotEq
              IdUse ID="a"
              IdUse ID="b"
            Block
              List
                If
                  MoreThan
                    IdUse ID="a"
                    IdUse ID="b"
                  Block
                    List
                      Assign ID="a"
                        Sub
                          IdUse ID="a"
                          IdUse ID="b"
                  Opt
                    Block
                      List
                        Assign ID="b"
                          Sub
                            IdUse ID="b"
                            IdUse ID="a"
          Return
            IdUse ID="a"
