Program
  List
    FunctionDecl
      IdDecl ID="main"
      List
      Block
        List
          Assign ID="a"
            Numeral NUMERAL="5"
          Assign ID="abc"
            Sub
              Mul
                FunctionUse ID="test"
                  List
                    VariableUse ID="a"
                    Numeral NUMERAL="5"
                Numeral NUMERAL="6"
              FunctionUse ID="test"
                List
                  Numeral NUMERAL="5"
                  Numeral NUMERAL="5"
    FunctionDecl
      IdDecl ID="test"
      List
        VariableDecl
          IdDecl ID="a"
          Opt
        VariableDecl
          IdDecl ID="b"
          Opt
      Block
        List
          Assign ID="abc"
            FunctionUse ID="main"
              List
